// Jest Snapshot v1, https://goo.gl/fbAQLP

exports[`Search component renders Search 1`] = `
<DocumentFragment>
  <form>
    <label
      for="search"
    >
      Search
    </label>
    <input
      id="search"
      name="search"
      type="search"
      value="Test"
    />
    <button
      data-testid="button"
    >
      Search
    </button>
  </form>
</DocumentFragment>
`;
