// Jest Snapshot v1, https://goo.gl/fbAQLP

exports[`App component renders App 1`] = `
<DocumentFragment>
  <h2>
    Stocks Chop On Stimulus Slop, Bitcoin Jumps, Dollar Dumps
  </h2>
  <p>
    Tyler Durden
  </p>
  <p>
    Stocks Chop On Stimulus Slop, Bitcoin Jumps, Dollar Dumps\\n\\n Tyler Durden\\n \\nWed, 10/21/2020 - 16:00\\n\\n The algos were busy today... buying on every mention of the words \\"hope\\" or \\"optimism\\" and selling at technical resistance as once again nothing happened...\\r\\nâ€¦
  </p>
</DocumentFragment>
`;
