// Jest Snapshot v1, https://goo.gl/fbAQLP

exports[`Article component renders Article 1`] = `
<DocumentFragment>
  <h2>
    Test Article
  </h2>
  <p>
    Ryan Diff
  </p>
  <p>
    Super descriptive
  </p>
</DocumentFragment>
`;
