// Jest Snapshot v1, https://goo.gl/fbAQLP

exports[`Articles component renders Articles 1`] = `
<DocumentFragment>
  <ul
    data-testid="articles"
  >
    <li>
      <h2>
        Test Article
      </h2>
      <p>
        Ryan Diff
      </p>
      <p>
        Super descriptive
      </p>
    </li>
  </ul>
</DocumentFragment>
`;
